// Jest Snapshot v1, https://goo.gl/fbAQLP

exports[`Tests for the CardChoice and CardChoiceGroup components should match snapshot 1`] = `
<div>
  <div
    class="card-choice-group"
  >
    <span
      class="gradient-cap"
    />
    <a
      aria-label="Navigation Card for: CardChoice"
      class="card-choice card-choice--bordered"
    >
      <div
        class="content"
      >
        <h6
          aria-level="6"
          class="heading"
          role="heading"
        >
          CardChoice
        </h6>
        <span
          class="body"
        >
          <p>
            This is the body.
          </p>
        </span>
      </div>
      <div
        class="select"
      >
        <span
          aria-hidden="true"
        >
          <svg
            aria-hidden="true"
            aria-label="navigate next icon"
            class="usa-icon--size-3"
            color="black"
            fill="currentColor"
            role="img"
          >
            <use
              href="sprite.svg#navigate_next"
            />
          </svg>
        </span>
      </div>
    </a>
    <a
      aria-label="Navigation Card for: CardChoice"
      class="card-choice card-choice--dark card-choice--bordered"
    >
      <div
        class="content"
      >
        <h6
          aria-level="6"
          class="heading"
          role="heading"
        >
          CardChoice
        </h6>
        <span
          class="body"
        >
          <p>
            This is the body.
          </p>
        </span>
      </div>
      <div
        class="select"
      >
        <span
          aria-hidden="true"
        >
          <svg
            aria-hidden="true"
            aria-label="navigate next icon"
            class="usa-icon--size-3"
            color="black"
            fill="currentColor"
            role="img"
          >
            <use
              href="sprite.svg#navigate_next"
            />
          </svg>
        </span>
      </div>
    </a>
    <a
      aria-label="Navigation Card for: CardChoice"
      class="card-choice card-choice--bordered"
    >
      <div
        class="content"
      >
        <h6
          aria-level="6"
          class="heading"
          role="heading"
        >
          CardChoice
        </h6>
        <span
          class="body"
        >
          <p>
            This is the body.
          </p>
        </span>
      </div>
      <div
        class="select"
      >
        <span
          aria-hidden="true"
        >
          <svg
            aria-hidden="true"
            aria-label="navigate next icon"
            class="usa-icon--size-3"
            color="black"
            fill="currentColor"
            role="img"
          >
            <use
              href="sprite.svg#navigate_next"
            />
          </svg>
        </span>
      </div>
    </a>
  </div>
</div>
`;
